--- Testing Health (GET /health) ---
Status Code: 200
Response:
{
  "status": "ok"
}
--------------------------------------------------
--- Testing Model Info (GET /model-info) ---
Status Code: 200
Response:
{
  "feature_importances": {
    "hour": 0.6382617795969499,
    "area_type": 0.1878377279625258,
    "category": 0.08714863652425091,
    "is_workday": 0.024098619582143585,
    "is_monsoon_season": 0.019453284110002054,
    "is_public_holiday": 0.018084235092405837,
    "weather_condition": 0.013047464288108152,
    "day_of_week": 0.005491247111204608,
    "is_weekend": 0.00332762473552521,
    "zone": 0.0032493809968839145,
    "temp": 0.0,
    "humidity": 0.0,
    "windspeed": 0.0,
    "precipprob": 0.0,
    "holiday_type": 0.0,
    "line_density": 0.0
  }
}
--------------------------------------------------
--- Testing Predict (GET /predict) ---
Status Code: 200
Response:
{
  "crowd": "High",
  "confidence": 85
}
--------------------------------------------------
--- Testing Agent Query (POST /query) ---
Status Code: 500
Error: Internal Server Error
--------------------------------------------------
--- Testing Compare Locations (GET /compare) ---
Status Code: 200
Response:
{
  "ranked_locations": [
    {
      "location": "Borivali East",
      "crowd_score": 52
    },
    {
      "location": "Colaba",
      "crowd_score": 68
    },
    {
      "location": "Andheri West",
      "crowd_score": 70
    },
    {
      "location": "Juhu Beach",
      "crowd_score": 72
    },
    {
      "location": "Bandra Kurla Complex",
      "crowd_score": 78
    },
    {
      "location": "Dadar Station",
      "crowd_score": 87
    }
  ]
}
--------------------------------------------------
--- Testing Best Time (GET /best-time) ---
Status Code: 200
Response:
{
  "best_times": [
    {
      "hour": 22,
      "crowd_score": 1
    },
    {
      "hour": 21,
      "crowd_score": 12
    },
    {
      "hour": 23,
      "crowd_score": 22
    }
  ]
}
--------------------------------------------------
--- Testing Heatmap (GET /heatmap) ---
Status Code: 200
Response:
{
  "location": "Colaba",
  "heatmap": [
    [
      48,
      35,
      54,
      85,
      78,
      73,
      30,
      29,
      30,
      33,
      38,
      45,
      94,
      100,
      100,
      100,
      10,
      0
    ],
    [
      48,
      35,
      54,
      85,
      78,
      73,
      30,
      29,
      30,
      33,
      38,
      45,
      94,
      100,
      100,
      100,
      10,
      0
    ],
    [
      48,
      35,
      54,
      85,
      78,
      73,
      30,
      29,
      30,
      33,
      38,
      45,
      94,
      100,
      100,
      100,
      10,
      0
    ],
    [
      48,
      35,
      54,
      85,
      78,
      73,
      30,
      29,
      30,
      33,
      38,
      45,
      94,
      100,
      100,
      100,
      10,
      0
    ],
    [
      48,
      35,
      54,
      85,
      78,
      73,
      30,
      29,
      30,
      33,
      38,
      45,
      94,
      100,
      100,
      100,
      10,
      0
    ],
    [
      38,
      25,
      14,
      5,
      38,
      33,
      30,
      29,
      30,
      33,
      38,
      75,
      84,
      95,
      100,
      100,
      40,
      29
    ],
    [
      38,
      25,
      14,
      5,
      38,
      33,
      30,
      29,
      30,
      33,
      38,
      75,
      84,
      95,
      100,
      100,
      40,
      29
    ]
  ]
}
--------------------------------------------------
